Archive member included to satisfy reference by file (symbol)

c:/program files (x86)/atmel/studio/7.0/toolchain/arm/arm-gnu-toolchain/bin/../lib/gcc/arm-none-eabi/6.3.1/../../../../arm-none-eabi/lib/thumb/v7e-m\libc.a(lib_a-exit.o)
                              c:/program files (x86)/atmel/studio/7.0/toolchain/arm/arm-gnu-toolchain/bin/../lib/gcc/arm-none-eabi/6.3.1/../../../../arm-none-eabi/lib/thumb/v7e-m/crt0.o (exit)
c:/program files (x86)/atmel/studio/7.0/toolchain/arm/arm-gnu-toolchain/bin/../lib/gcc/arm-none-eabi/6.3.1/../../../../arm-none-eabi/lib/thumb/v7e-m\libc.a(lib_a-impure.o)
                              c:/program files (x86)/atmel/studio/7.0/toolchain/arm/arm-gnu-toolchain/bin/../lib/gcc/arm-none-eabi/6.3.1/../../../../arm-none-eabi/lib/thumb/v7e-m\libc.a(lib_a-exit.o) (_global_impure_ptr)
c:/program files (x86)/atmel/studio/7.0/toolchain/arm/arm-gnu-toolchain/bin/../lib/gcc/arm-none-eabi/6.3.1/../../../../arm-none-eabi/lib/thumb/v7e-m\libc.a(lib_a-init.o)
                              c:/program files (x86)/atmel/studio/7.0/toolchain/arm/arm-gnu-toolchain/bin/../lib/gcc/arm-none-eabi/6.3.1/../../../../arm-none-eabi/lib/thumb/v7e-m/crt0.o (__libc_init_array)
c:/program files (x86)/atmel/studio/7.0/toolchain/arm/arm-gnu-toolchain/bin/../lib/gcc/arm-none-eabi/6.3.1/../../../../arm-none-eabi/lib/thumb/v7e-m\libc.a(lib_a-memset.o)
                              c:/program files (x86)/atmel/studio/7.0/toolchain/arm/arm-gnu-toolchain/bin/../lib/gcc/arm-none-eabi/6.3.1/../../../../arm-none-eabi/lib/thumb/v7e-m/crt0.o (memset)
c:/program files (x86)/atmel/studio/7.0/toolchain/arm/arm-gnu-toolchain/bin/../lib/gcc/arm-none-eabi/6.3.1/../../../../arm-none-eabi/lib/thumb/v7e-m\libc.a(lib_a-__call_atexit.o)
                              c:/program files (x86)/atmel/studio/7.0/toolchain/arm/arm-gnu-toolchain/bin/../lib/gcc/arm-none-eabi/6.3.1/../../../../arm-none-eabi/lib/thumb/v7e-m\libc.a(lib_a-exit.o) (__call_exitprocs)
c:/program files (x86)/atmel/studio/7.0/toolchain/arm/arm-gnu-toolchain/bin/../lib/gcc/arm-none-eabi/6.3.1/../../../../arm-none-eabi/lib/thumb/v7e-m\libc.a(lib_a-atexit.o)
                              c:/program files (x86)/atmel/studio/7.0/toolchain/arm/arm-gnu-toolchain/bin/../lib/gcc/arm-none-eabi/6.3.1/../../../../arm-none-eabi/lib/thumb/v7e-m\libc.a(lib_a-__call_atexit.o) (atexit)
c:/program files (x86)/atmel/studio/7.0/toolchain/arm/arm-gnu-toolchain/bin/../lib/gcc/arm-none-eabi/6.3.1/../../../../arm-none-eabi/lib/thumb/v7e-m\libc.a(lib_a-fini.o)
                              c:/program files (x86)/atmel/studio/7.0/toolchain/arm/arm-gnu-toolchain/bin/../lib/gcc/arm-none-eabi/6.3.1/../../../../arm-none-eabi/lib/thumb/v7e-m\libc.a(lib_a-__call_atexit.o) (__libc_fini_array)
c:/program files (x86)/atmel/studio/7.0/toolchain/arm/arm-gnu-toolchain/bin/../lib/gcc/arm-none-eabi/6.3.1/../../../../arm-none-eabi/lib/thumb/v7e-m\libc.a(lib_a-lock.o)
                              c:/program files (x86)/atmel/studio/7.0/toolchain/arm/arm-gnu-toolchain/bin/../lib/gcc/arm-none-eabi/6.3.1/../../../../arm-none-eabi/lib/thumb/v7e-m\libc.a(lib_a-__call_atexit.o) (__retarget_lock_acquire_recursive)
c:/program files (x86)/atmel/studio/7.0/toolchain/arm/arm-gnu-toolchain/bin/../lib/gcc/arm-none-eabi/6.3.1/../../../../arm-none-eabi/lib/thumb/v7e-m\libc.a(lib_a-__atexit.o)
                              c:/program files (x86)/atmel/studio/7.0/toolchain/arm/arm-gnu-toolchain/bin/../lib/gcc/arm-none-eabi/6.3.1/../../../../arm-none-eabi/lib/thumb/v7e-m\libc.a(lib_a-atexit.o) (__register_exitproc)

Allocating common symbols
Common symbol       size              file

__lock___atexit_recursive_mutex
                    0x1               c:/program files (x86)/atmel/studio/7.0/toolchain/arm/arm-gnu-toolchain/bin/../lib/gcc/arm-none-eabi/6.3.1/../../../../arm-none-eabi/lib/thumb/v7e-m\libc.a(lib_a-lock.o)
__lock___arc4random_mutex
                    0x1               c:/program files (x86)/atmel/studio/7.0/toolchain/arm/arm-gnu-toolchain/bin/../lib/gcc/arm-none-eabi/6.3.1/../../../../arm-none-eabi/lib/thumb/v7e-m\libc.a(lib_a-lock.o)
gfx_width           0x2               src/ASF/common/services/gfx/gfx_ili9341_sdt028atft.o
__lock___env_recursive_mutex
                    0x1               c:/program files (x86)/atmel/studio/7.0/toolchain/arm/arm-gnu-toolchain/bin/../lib/gcc/arm-none-eabi/6.3.1/../../../../arm-none-eabi/lib/thumb/v7e-m\libc.a(lib_a-lock.o)
__lock___sinit_recursive_mutex
                    0x1               c:/program files (x86)/atmel/studio/7.0/toolchain/arm/arm-gnu-toolchain/bin/../lib/gcc/arm-none-eabi/6.3.1/../../../../arm-none-eabi/lib/thumb/v7e-m\libc.a(lib_a-lock.o)
gfx_max_x           0x2               src/ASF/common/services/gfx/gfx_ili9341_sdt028atft.o
gfx_min_x           0x2               src/ASF/common/services/gfx/gfx_ili9341_sdt028atft.o
__lock___malloc_recursive_mutex
[...]
Memory Configuration

Name             Origin             Length             Attributes
rom              0x00400000         0x00200000         xr
ram              0x20400000         0x00060000         xrw
*default*        0x00000000         0xffffffff

Linker script and memory map

LOAD c:/program files (x86)/atmel/studio/7.0/toolchain/arm/arm-gnu-toolchain/bin/../lib/gcc/arm-none-eabi/6.3.1/thumb/v7e-m/crti.o
LOAD c:/program files (x86)/atmel/studio/7.0/toolchain/arm/arm-gnu-toolchain/bin/../lib/gcc/arm-none-eabi/6.3.1/thumb/v7e-m/crtbegin.o
LOAD c:/program files (x86)/atmel/studio/7.0/toolchain/arm/arm-gnu-toolchain/bin/../lib/gcc/arm-none-eabi/6.3.1/../../../../arm-none-eabi/lib/thumb/v7e-m/crt0.o
LOAD src/ASF/common/components/display/ili9341/ili9341.o
LOAD src/ASF/common/services/clock/same70/sysclk.o
LOAD src/ASF/common/services/delay/sam/cycle_counter.o
LOAD src/ASF/common/services/gfx/gfx_generic.o
LOAD src/ASF/common/services/gfx/gfx_ili9341_sdt028atft.o
LOAD src/ASF/common/services/gfx/gfx_text.o
LOAD src/ASF/common/services/gfx/sysfont.o
LOAD src/ASF/common/services/spi/sam_spi/spi_master.o
LOAD src/ASF/common/utils/interrupt/interrupt_sam_nvic.o
LOAD src/ASF/sam/drivers/mpu/mpu.o
LOAD src/ASF/sam/drivers/pio/pio.o
LOAD src/ASF/sam/drivers/pio/pio_handler.o
LOAD src/ASF/sam/drivers/pmc/pmc.o
LOAD src/ASF/sam/drivers/pmc/sleep.o
LOAD src/ASF/sam/drivers/spi/spi.o
LOAD src/ASF/sam/utils/cmsis/same70/source/templates/gcc/startup_same70.o
LOAD src/ASF/sam/utils/cmsis/same70/source/templates/system_same70.o
LOAD src/ASF/sam/utils/syscalls/gcc/syscalls.o
LOAD src/main.o
START GROUP
LOAD ../src/ASF/thirdparty/CMSIS/Lib/GCC\libarm_cortexM7lfsp_math_softfp.a
LOAD c:/program files (x86)/atmel/studio/7.0/toolchain/arm/arm-gnu-toolchain/bin/../lib/gcc/arm-none-eabi/6.3.1/../../../../arm-none-eabi/lib/thumb/v7e-m\libm.a
END GROUP
START GROUP
LOAD c:/program files (x86)/atmel/studio/7.0/toolchain/arm/arm-gnu-toolchain/bin/../lib/gcc/arm-none-eabi/6.3.1/thumb/v7e-m\libgcc.a
LOAD c:/program files (x86)/atmel/studio/7.0/toolchain/arm/arm-gnu-toolchain/bin/../lib/gcc/arm-none-eabi/6.3.1/../../../../arm-none-eabi/lib/thumb/v7e-m\libc.a
END GROUP
LOAD c:/program files (x86)/atmel/studio/7.0/toolchain/arm/arm-gnu-toolchain/bin/../lib/gcc/arm-none-eabi/6.3.1/thumb/v7e-m/crtend.o
LOAD c:/program files (x86)/atmel/studio/7.0/toolchain/arm/arm-gnu-toolchain/bin/../lib/gcc/arm-none-eabi/6.3.1/thumb/v7e-m/crtn.o
                0x00002000                STACK_SIZE = DEFINED (STACK_SIZE)?STACK_SIZE:0x2000
                0x2045fffc                __ram_end__ = ((ORIGIN (ram) + LENGTH (ram)) - 0x4)
                0x00000200                HEAP_SIZE = DEFINED (HEAP_SIZE)?HEAP_SIZE:0x200

.text           0x00400000      0xadc
                0x00400000                . = ALIGN (0x4)
                0x00400000                _sfixed = .
 *(.vectors .vectors.*)
 .vectors       0x00400000      0x140 src/ASF/sam/utils/cmsis/same70/source/templates/gcc/startup_same70.o
                0x00400000                exception_table
 *(.text .text.* .gnu.linkonce.t.*)
 .text          0x00400140       0x6c c:/program files (x86)/atmel/studio/7.0/toolchain/arm/arm-gnu-toolchain/bin/../lib/gcc/arm-none-eabi/6.3.1/thumb/v7e-m/crtbegin.o
 .text.sysclk_init
                0x004001ac       0x70 src/ASF/common/services/clock/same70/sysclk.o
                0x004001ac                sysclk_init
 .text.pio_pull_up
                0x0040021c        0xa src/ASF/sam/drivers/pio/pio.o
                0x0040021c                pio_pull_up
 .text.pio_set  0x00400226        0x4 src/ASF/sam/drivers/pio/pio.o
                0x00400226                pio_set
 .text.pio_clear
                0x0040022a        0x4 src/ASF/sam/drivers/pio/pio.o
                0x0040022a                pio_clear
 .text.pio_get  0x0040022e       0x1a src/ASF/sam/drivers/pio/pio.o
                0x0040022e                pio_get
 .text.pio_set_input
                0x00400248       0x36 src/ASF/sam/drivers/pio/pio.o
                0x00400248                pio_set_input
 .text.pio_set_output
                0x0040027e       0x28 src/ASF/sam/drivers/pio/pio.o
                0x0040027e                pio_set_output
 .text.pio_get_interrupt_status
                0x004002a6        0x4 src/ASF/sam/drivers/pio/pio.o
                0x004002a6                pio_get_interrupt_status
 .text.pio_get_interrupt_mask
                0x004002aa        0x4 src/ASF/sam/drivers/pio/pio.o
                0x004002aa                pio_get_interrupt_mask
 *fill*         0x004002ae        0x2 
 .text.pio_handler_process
                0x004002b0       0x50 src/ASF/sam/drivers/pio/pio_handler.o
                0x004002b0                pio_handler_process
 .text.PIOA_Handler
                0x00400300       0x14 src/ASF/sam/drivers/pio/pio_handler.o
                0x00400300                PIOA_Handler
 .text.PIOB_Handler
                0x00400314       0x14 src/ASF/sam/drivers/pio/pio_handler.o
                0x00400314                PIOB_Handler
 .text.PIOC_Handler
                0x00400328       0x14 src/ASF/sam/drivers/pio/pio_handler.o
                0x00400328                PIOC_Handler
 .text.PIOD_Handler
                0x0040033c       0x14 src/ASF/sam/drivers/pio/pio_handler.o
                0x0040033c                PIOD_Handler
 .text.PIOE_Handler
                0x00400350       0x14 src/ASF/sam/drivers/pio/pio_handler.o
                0x00400350                PIOE_Handler
 .text.pmc_mck_set_division
                0x00400364       0x38 src/ASF/sam/drivers/pmc/pmc.o
                0x00400364                pmc_mck_set_division
 .text.pmc_switch_mck_to_pllack
                0x0040039c       0x64 src/ASF/sam/drivers/pmc/pmc.o
                0x0040039c                pmc_switch_mck_to_pllack
 .text.pmc_switch_mainck_to_xtal
                0x00400400       0x54 src/ASF/sam/drivers/pmc/pmc.o
                0x00400400                pmc_switch_mainck_to_xtal
 .text.pmc_osc_is_ready_mainck
                0x00400454       0x10 src/ASF/sam/drivers/pmc/pmc.o
                0x00400454                pmc_osc_is_ready_mainck
 .text.pmc_disable_pllack
                0x00400464       0x10 src/ASF/sam/drivers/pmc/pmc.o
                0x00400464                pmc_disable_pllack
 .text.pmc_is_locked_pllack
                0x00400474       0x10 src/ASF/sam/drivers/pmc/pmc.o
                0x00400474                pmc_is_locked_pllack
 .text.pmc_enable_periph_clk
                0x00400484       0x54 src/ASF/sam/drivers/pmc/pmc.o
                0x00400484                pmc_enable_periph_clk
 .text.Dummy_Handler
                0x004004d8        0x2 src/ASF/sam/utils/cmsis/same70/source/templates/gcc/startup_same70.o
                0x004004d8                DACC_Handler
                0x004004d8                DebugMon_Handler
                0x004004d8                UART3_Handler
                0x004004d8                UART2_Handler
                0x004004d8                TRNG_Handler
                0x004004d8                HardFault_Handler
                0x004004d8                TC2_Handler
                0x004004d8                SysTick_Handler
                0x004004d8                AFEC1_Handler
                0x004004d8                PendSV_Handler
                0x004004d8                NMI_Handler
                0x004004d8                TC7_Handler
                0x004004d8                QSPI_Handler
                0x004004d8                ISI_Handler
                0x004004d8                TC9_Handler
                0x004004d8                RSWDT_Handler
                0x004004d8                MCAN1_Handler
                0x004004d8                USART0_Handler
                0x004004d8                RTT_Handler
                0x004004d8                USBHS_Handler
                0x004004d8                RTC_Handler
                0x004004d8                UsageFault_Handler
                0x004004d8                TC6_Handler
                0x004004d8                WDT_Handler
                0x004004d8                TC4_Handler
                0x004004d8                TC1_Handler
                0x004004d8                HSMCI_Handler
                0x004004d8                UART1_Handler
                0x004004d8                TC3_Handler
                0x004004d8                Dummy_Handler
                0x004004d8                TWIHS1_Handler
                0x004004d8                XDMAC_Handler
                0x004004d8                UART4_Handler
                0x004004d8                PWM1_Handler
                0x004004d8                USART1_Handler
                0x004004d8                PWM0_Handler
                0x004004d8                AFEC0_Handler
                0x004004d8                SSC_Handler
                0x004004d8                TC11_Handler
                0x004004d8                ACC_Handler
                0x004004d8                PMC_Handler
                0x004004d8                GMAC_Handler
                0x004004d8                MemManage_Handler
                0x004004d8                SUPC_Handler
                0x004004d8                SVC_Handler
                0x004004d8                TC8_Handler
                0x004004d8                EFC_Handler
                0x004004d8                USART2_Handler
                0x004004d8                SDRAMC_Handler
                0x004004d8                SPI1_Handler
                0x004004d8                MCAN0_Handler
                0x004004d8                TC10_Handler
                0x004004d8                TWIHS2_Handler
                0x004004d8                UART0_Handler
                0x004004d8                BusFault_Handler
                0x004004d8                RSTC_Handler
                0x004004d8                TC0_Handler
                0x004004d8                TC5_Handler
                0x004004d8                ICM_Handler
                0x004004d8                AES_Handler
                0x004004d8                TWIHS0_Handler
                0x004004d8                SPI0_Handler
 *fill*         0x004004da        0x2 
 .text.Reset_Handler
                0x004004dc       0xc8 src/ASF/sam/utils/cmsis/same70/source/templates/gcc/startup_same70.o
                0x004004dc                Reset_Handler
 .text.SystemCoreClockUpdate
                0x004005a4      0x10c src/ASF/sam/utils/cmsis/same70/source/templates/system_same70.o
                0x004005a4                SystemCoreClockUpdate
 .text.system_init_flash
                0x004006b0       0x74 src/ASF/sam/utils/cmsis/same70/source/templates/system_same70.o
                0x004006b0                system_init_flash
 .text.init     0x00400724       0xec src/main.o
                0x00400724                init
 .text.main     0x00400810      0x134 src/main.o
                0x00400810                main
 .text.__libc_init_array
                0x00400944       0x50 c:/program files (x86)/atmel/studio/7.0/toolchain/arm/arm-gnu-toolchain/bin/../lib/gcc/arm-none-eabi/6.3.1/../../../../arm-none-eabi/lib/thumb/v7e-m\libc.a(lib_a-init.o)
                0x00400944                __libc_init_array
 .text.startup.register_fini
                0x00400994       0x14 c:/program files (x86)/atmel/studio/7.0/toolchain/arm/arm-gnu-toolchain/bin/../lib/gcc/arm-none-eabi/6.3.1/../../../../arm-none-eabi/lib/thumb/v7e-m\libc.a(lib_a-__call_atexit.o)
 .text.atexit   0x004009a8        0xc c:/program files (x86)/atmel/studio/7.0/toolchain/arm/arm-gnu-toolchain/bin/../lib/gcc/arm-none-eabi/6.3.1/../../../../arm-none-eabi/lib/thumb/v7e-m\libc.a(lib_a-atexit.o)
                0x004009a8                atexit
 .text.__libc_fini_array
                0x004009b4       0x34 c:/program files (x86)/atmel/studio/7.0/toolchain/arm/arm-gnu-toolchain/bin/../lib/gcc/arm-none-eabi/6.3.1/../../../../arm-none-eabi/lib/thumb/v7e-m\libc.a(lib_a-fini.o)
                0x004009b4                __libc_fini_array
 .text.__retarget_lock_acquire_recursive
                0x004009e8        0x4 c:/program files (x86)/atmel/studio/7.0/toolchain/arm/arm-gnu-toolchain/bin/../lib/gcc/arm-none-eabi/6.3.1/../../../../arm-none-eabi/lib/thumb/v7e-m\libc.a(lib_a-lock.o)
                0x004009e8                __retarget_lock_acquire_recursive
 .text.__retarget_lock_release_recursive
                0x004009ec        0x4 c:/program files (x86)/atmel/studio/7.0/toolchain/arm/arm-gnu-toolchain/bin/../lib/gcc/arm-none-eabi/6.3.1/../../../../arm-none-eabi/lib/thumb/v7e-m\libc.a(lib_a-lock.o)
                0x004009ec                __retarget_lock_release_recursive
 .text.__register_exitproc
                0x004009f0       0xc4 c:/program files (x86)/atmel/studio/7.0/toolchain/arm/arm-gnu-toolchain/bin/../lib/gcc/arm-none-eabi/6.3.1/../../../../arm-none-eabi/lib/thumb/v7e-m\libc.a(lib_a-__atexit.o)
                0x004009f0                __register_exitproc
 *(.glue_7t)
 .glue_7t       0x00400ab4        0x0 linker stubs
 *(.glue_7)
 .glue_7        0x00400ab4        0x0 linker stubs
 *(.rodata .rodata* .gnu.linkonce.r.*)
 .rodata._global_impure_ptr
                0x00400ab4        0x4 c:/program files (x86)/atmel/studio/7.0/toolchain/arm/arm-gnu-toolchain/bin/../lib/gcc/arm-none-eabi/6.3.1/../../../../arm-none-eabi/lib/thumb/v7e-m\libc.a(lib_a-impure.o)
                0x00400ab4                _global_impure_ptr
 *(.ARM.extab* .gnu.linkonce.armextab.*)
                0x00400ab8                . = ALIGN (0x4)
 *(.init)
 .init          0x00400ab8        0x4 c:/program files (x86)/atmel/studio/7.0/toolchain/arm/arm-gnu-toolchain/bin/../lib/gcc/arm-none-eabi/6.3.1/thumb/v7e-m/crti.o
                0x00400ab8                _init
 .init          0x00400abc        0x8 c:/program files (x86)/atmel/studio/7.0/toolchain/arm/arm-gnu-toolchain/bin/../lib/gcc/arm-none-eabi/6.3.1/thumb/v7e-m/crtn.o
                0x00400ac4                . = ALIGN (0x4)
                0x00400ac4                __preinit_array_start = .
 *(.preinit_array)
                0x00400ac4                __preinit_array_end = .
                0x00400ac4                . = ALIGN (0x4)
                0x00400ac4                __init_array_start = .
 *(SORT(.init_array.*))
 .init_array.00000
                0x00400ac4        0x4 c:/program files (x86)/atmel/studio/7.0/toolchain/arm/arm-gnu-toolchain/bin/../lib/gcc/arm-none-eabi/6.3.1/../../../../arm-none-eabi/lib/thumb/v7e-m\libc.a(lib_a-__call_atexit.o)
 *(.init_array)
 .init_array    0x00400ac8        0x4 c:/program files (x86)/atmel/studio/7.0/toolchain/arm/arm-gnu-toolchain/bin/../lib/gcc/arm-none-eabi/6.3.1/thumb/v7e-m/crtbegin.o
                0x00400acc                __init_array_end = .
                0x00400acc                . = ALIGN (0x4)
 *crtbegin.o(.ctors)
 *(EXCLUDE_FILE(*crtend.o) .ctors)
 *(SORT(.ctors.*))
 *crtend.o(.ctors)
                0x00400acc                . = ALIGN (0x4)
 *(.fini)
 .fini          0x00400acc        0x4 c:/program files (x86)/atmel/studio/7.0/toolchain/arm/arm-gnu-toolchain/bin/../lib/gcc/arm-none-eabi/6.3.1/thumb/v7e-m/crti.o
                0x00400acc                _fini
 .fini          0x00400ad0        0x8 c:/program files (x86)/atmel/studio/7.0/toolchain/arm/arm-gnu-toolchain/bin/../lib/gcc/arm-none-eabi/6.3.1/thumb/v7e-m/crtn.o
                0x00400ad8                . = ALIGN (0x4)
                0x00400ad8                __fini_array_start = .
 *(.fini_array)
 .fini_array    0x00400ad8        0x4 c:/program files (x86)/atmel/studio/7.0/toolchain/arm/arm-gnu-toolchain/bin/../lib/gcc/arm-none-eabi/6.3.1/thumb/v7e-m/crtbegin.o
 *(SORT(.fini_array.*))
                0x00400adc                __fini_array_end = .
 *crtbegin.o(.dtors)
 *(EXCLUDE_FILE(*crtend.o) .dtors)
 *(SORT(.dtors.*))
 *crtend.o(.dtors)
                0x00400adc                . = ALIGN (0x4)
                0x00400adc                _efixed = .
                [!provide]                PROVIDE (__exidx_start, .)

.vfp11_veneer   0x00400adc        0x0
 .vfp11_veneer  0x00400adc        0x0 linker stubs

.v4_bx          0x00400adc        0x0
 .v4_bx         0x00400adc        0x0 linker stubs

.iplt           0x00400adc        0x0
 .iplt          0x00400adc        0x0 c:/program files (x86)/atmel/studio/7.0/toolchain/arm/arm-gnu-toolchain/bin/../lib/gcc/arm-none-eabi/6.3.1/thumb/v7e-m/crtbegin.o

.eh_frame       0x00400adc        0x0
 .eh_frame      0x00400adc        0x0 c:/program files (x86)/atmel/studio/7.0/toolchain/arm/arm-gnu-toolchain/bin/../lib/gcc/arm-none-eabi/6.3.1/thumb/v7e-m/crtbegin.o

.rel.dyn        0x00400adc        0x0
 .rel.iplt      0x00400adc        0x0 c:/program files (x86)/atmel/studio/7.0/toolchain/arm/arm-gnu-toolchain/bin/../lib/gcc/arm-none-eabi/6.3.1/thumb/v7e-m/crtbegin.o

.jcr            0x00400adc        0x0
 .jcr           0x00400adc        0x0 c:/program files (x86)/atmel/studio/7.0/toolchain/arm/arm-gnu-toolchain/bin/../lib/gcc/arm-none-eabi/6.3.1/thumb/v7e-m/crtbegin.o

.igot.plt       0x00400adc        0x0
 .igot.plt      0x00400adc        0x0 c:/program files (x86)/atmel/studio/7.0/toolchain/arm/arm-gnu-toolchain/bin/../lib/gcc/arm-none-eabi/6.3.1/thumb/v7e-m/crtbegin.o

.ARM.exidx
 *(.ARM.exidx* .gnu.linkonce.armexidx.*)
                [!provide]                PROVIDE (__exidx_end, .)
                0x00400adc                . = ALIGN (0x4)
                0x00400adc                _etext = .

.relocate       0x20400000      0x43c load address 0x00400adc
                0x20400000                . = ALIGN (0x4)
                0x20400000                _srelocate = .
 *(.ramfunc .ramfunc.*)
 .ramfunc       0x20400000        0xa src/ASF/common/services/delay/sam/cycle_counter.o
                0x20400000                portable_delay_cycles
 *(.data .data.*)
 .data.g_interrupt_enabled
                0x2040000a        0x1 src/ASF/common/utils/interrupt/interrupt_sam_nvic.o
                0x2040000a                g_interrupt_enabled
 *fill*         0x2040000b        0x1 
 .data.SystemCoreClock
                0x2040000c        0x4 src/ASF/sam/utils/cmsis/same70/source/templates/system_same70.o
                0x2040000c                SystemCoreClock
 .data.impure_data
                0x20400010      0x428 c:/program files (x86)/atmel/studio/7.0/toolchain/arm/arm-gnu-toolchain/bin/../lib/gcc/arm-none-eabi/6.3.1/../../../../arm-none-eabi/lib/thumb/v7e-m\libc.a(lib_a-impure.o)
 .data.__atexit_recursive_mutex
                0x20400438        0x4 c:/program files (x86)/atmel/studio/7.0/toolchain/arm/arm-gnu-toolchain/bin/../lib/gcc/arm-none-eabi/6.3.1/../../../../arm-none-eabi/lib/thumb/v7e-m\libc.a(lib_a-__call_atexit.o)
                0x20400438                __atexit_recursive_mutex
                0x2040043c                . = ALIGN (0x4)
                0x2040043c                _erelocate = .

.bss            0x2040043c       0xb0 load address 0x00400f18
                0x2040043c                . = ALIGN (0x4)
                0x2040043c                _sbss = .
                0x2040043c                _szero = .
 *(.bss .bss.*)
 .bss           0x2040043c       0x1c c:/program files (x86)/atmel/studio/7.0/toolchain/arm/arm-gnu-toolchain/bin/../lib/gcc/arm-none-eabi/6.3.1/thumb/v7e-m/crtbegin.o
 .bss.gs_interrupt_sources
                0x20400458       0x70 src/ASF/sam/drivers/pio/pio_handler.o
 *(COMMON)
 COMMON         0x204004c8       0x21 c:/program files (x86)/atmel/studio/7.0/toolchain/arm/arm-gnu-toolchain/bin/../lib/gcc/arm-none-eabi/6.3.1/../../../../arm-none-eabi/lib/thumb/v7e-m\libc.a(lib_a-lock.o)
                0x204004c8                __lock___atexit_recursive_mutex
                0x204004cc                __lock___arc4random_mutex
                0x204004d0                __lock___env_recursive_mutex
                0x204004d4                __lock___sinit_recursive_mutex
                0x204004d8                __lock___malloc_recursive_mutex
                0x204004dc                __lock___at_quick_exit_mutex
                0x204004e0                __lock___dd_hash_mutex
                0x204004e4                __lock___tz_mutex
                0x204004e8                __lock___sfp_recursive_mutex
                0x204004ec                . = ALIGN (0x4)
 *fill*         0x204004e9        0x3 
                0x204004ec                _ebss = .
                0x204004ec                _ezero = .

.stack          0x204004ec     0x2004 load address 0x00400fc8
                0x204004f0                . = ALIGN (0x8)
 *fill*         0x204004ec        0x4 
                0x204004f0                _sstack = .
                0x204024f0                . = (. + STACK_SIZE)
 *fill*         0x204004f0     0x2000 
                0x204024f0                . = ALIGN (0x8)
                0x204024f0                _estack = .

.heap           0x204024f0      0x200 load address 0x00402fcc
                0x204024f0                . = ALIGN (0x8)
                0x204024f0                _sheap = .
                0x204026f0                . = (. + HEAP_SIZE)
 *fill*         0x204024f0      0x200 
                0x204026f0                . = ALIGN (0x8)
                0x204026f0                _eheap = .
                0x204026f0                . = ALIGN (0x4)
                0x204026f0                _end = .
                0x2045ffff                _ram_end_ = ((ORIGIN (ram) + LENGTH (ram)) - 0x1)
OUTPUT(SAME70.elf elf32-littlearm)

.ARM.attributes
                0x00000000       0x2e
 .ARM.attributes
                0x00000000       0x1e c:/program files (x86)/atmel/studio/7.0/toolchain/arm/arm-gnu-toolchain/bin/../lib/gcc/arm-none-eabi/6.3.1/thumb/v7e-m/crti.o
 .ARM.attributes
                0x0000001e       0x2e c:/program files (x86)/atmel/studio/7.0/toolchain/arm/arm-gnu-toolchain/bin/../lib/gcc/arm-none-eabi/6.3.1/thumb/v7e-m/crtbegin.o
 .ARM.attributes
                0x0000004c       0x37 src/ASF/common/services/clock/same70/sysclk.o
 .ARM.attributes
                0x00000083       0x37 src/ASF/common/services/delay/sam/cycle_counter.o
 .ARM.attributes
                0x000000ba       0x37 src/ASF/common/utils/interrupt/interrupt_sam_nvic.o
 .ARM.attributes
                0x000000f1       0x37 src/ASF/sam/drivers/pio/pio.o
 .ARM.attributes
                0x00000128       0x37 src/ASF/sam/drivers/pio/pio_handler.o
 .ARM.attributes
                0x0000015f       0x37 src/ASF/sam/drivers/pmc/pmc.o
 .ARM.attributes
                0x00000196       0x37 src/ASF/sam/utils/cmsis/same70/source/templates/gcc/startup_same70.o
 .ARM.attributes
                0x000001cd       0x37 src/ASF/sam/utils/cmsis/same70/source/templates/system_same70.o
 .ARM.attributes
                0x00000204       0x37 src/main.o
 .ARM.attributes
                0x0000023b       0x2e c:/program files (x86)/atmel/studio/7.0/toolchain/arm/arm-gnu-toolchain/bin/../lib/gcc/arm-none-eabi/6.3.1/../../../../arm-none-eabi/lib/thumb/v7e-m\libc.a(lib_a-impure.o)
 .ARM.attributes
                0x00000269       0x2e c:/program files (x86)/atmel/studio/7.0/toolchain/arm/arm-gnu-toolchain/bin/../lib/gcc/arm-none-eabi/6.3.1/../../../../arm-none-eabi/lib/thumb/v7e-m\libc.a(lib_a-init.o)
 .ARM.attributes
                0x00000297       0x2e c:/program files (x86)/atmel/studio/7.0/toolchain/arm/arm-gnu-toolchain/bin/../lib/gcc/arm-none-eabi/6.3.1/../../../../arm-none-eabi/lib/thumb/v7e-m\libc.a(lib_a-__call_atexit.o)
 .ARM.attributes
                0x000002c5       0x2e c:/program files (x86)/atmel/studio/7.0/toolchain/arm/arm-gnu-toolchain/bin/../lib/gcc/arm-none-eabi/6.3.1/../../../../arm-none-eabi/lib/thumb/v7e-m\libc.a(lib_a-atexit.o)
 .ARM.attributes
                0x000002f3       0x2e c:/program files (x86)/atmel/studio/7.0/toolchain/arm/arm-gnu-toolchain/bin/../lib/gcc/arm-none-eabi/6.3.1/../../../../arm-none-eabi/lib/thumb/v7e-m\libc.a(lib_a-fini.o)
 .ARM.attributes
                0x00000321       0x2e c:/program files (x86)/atmel/studio/7.0/toolchain/arm/arm-gnu-toolchain/bin/../lib/gcc/arm-none-eabi/6.3.1/../../../../arm-none-eabi/lib/thumb/v7e-m\libc.a(lib_a-lock.o)
 .ARM.attributes
                0x0000034f       0x2e c:/program files (x86)/atmel/studio/7.0/toolchain/arm/arm-gnu-toolchain/bin/../lib/gcc/arm-none-eabi/6.3.1/../../../../arm-none-eabi/lib/thumb/v7e-m\libc.a(lib_a-__atexit.o)
 .ARM.attributes
                0x0000037d       0x1e c:/program files (x86)/atmel/studio/7.0/toolchain/arm/arm-gnu-toolchain/bin/../lib/gcc/arm-none-eabi/6.3.1/thumb/v7e-m/crtn.o

.comment        0x00000000       0x59
 .comment       0x00000000       0x59 src/ASF/common/services/clock/same70/sysclk.o
                                 0x5a (size before relaxing)
 .comment       0x00000059       0x5a src/ASF/common/services/delay/sam/cycle_counter.o
 .comment       0x00000059       0x5a src/ASF/common/utils/interrupt/interrupt_sam_nvic.o
 .comment       0x00000059       0x5a src/ASF/sam/drivers/pio/pio.o
 .comment       0x00000059       0x5a src/ASF/sam/drivers/pio/pio_handler.o
 .comment       0x00000059       0x5a src/ASF/sam/drivers/pmc/pmc.o
 .comment       0x00000059       0x5a src/ASF/sam/utils/cmsis/same70/source/templates/gcc/startup_same70.o
 .comment       0x00000059       0x5a src/ASF/sam/utils/cmsis/same70/source/templates/system_same70.o
 .comment       0x00000059       0x5a src/main.o

.debug_info     0x00000000     0xb35d
 .debug_info    0x00000000     0x1267 src/ASF/common/services/clock/same70/sysclk.o
 .debug_info    0x00001267      0xa45 src/ASF/common/services/delay/sam/cycle_counter.o
 .debug_info    0x00001cac      0xb01 src/ASF/common/utils/interrupt/interrupt_sam_nvic.o
 .debug_info    0x000027ad     0x2150 src/ASF/sam/drivers/pio/pio.o
 .debug_info    0x000048fd     0x1b21 src/ASF/sam/drivers/pio/pio_handler.o
 .debug_info    0x0000641e     0x1dd6 src/ASF/sam/drivers/pmc/pmc.o
 .debug_info    0x000081f4     0x156a src/ASF/sam/utils/cmsis/same70/source/templates/gcc/startup_same70.o
 .debug_info    0x0000975e      0x55b src/ASF/sam/utils/cmsis/same70/source/templates/system_same70.o
 .debug_info    0x00009cb9     0x16a4 src/main.o

.debug_abbrev   0x00000000     0x1818
 .debug_abbrev  0x00000000      0x31f src/ASF/common/services/clock/same70/sysclk.o
 .debug_abbrev  0x0000031f      0x1b3 src/ASF/common/services/delay/sam/cycle_counter.o
 .debug_abbrev  0x000004d2      0x212 src/ASF/common/utils/interrupt/interrupt_sam_nvic.o
 .debug_abbrev  0x000006e4      0x410 src/ASF/sam/drivers/pio/pio.o
 .debug_abbrev  0x00000af4      0x32f src/ASF/sam/drivers/pio/pio_handler.o
 .debug_abbrev  0x00000e23      0x369 src/ASF/sam/drivers/pmc/pmc.o
 .debug_abbrev  0x0000118c      0x2e4 src/ASF/sam/utils/cmsis/same70/source/templates/gcc/startup_same70.o
 .debug_abbrev  0x00001470      0x102 src/ASF/sam/utils/cmsis/same70/source/templates/system_same70.o
 .debug_abbrev  0x00001572      0x2a6 src/main.o

.debug_loc      0x00000000     0x2435
 .debug_loc     0x00000000      0x183 src/ASF/common/services/clock/same70/sysclk.o
 .debug_loc     0x00000183      0xea4 src/ASF/sam/drivers/pio/pio.o
 .debug_loc     0x00001027      0x588 src/ASF/sam/drivers/pio/pio_handler.o
 .debug_loc     0x000015af      0xce3 src/ASF/sam/drivers/pmc/pmc.o
 .debug_loc     0x00002292       0x77 src/ASF/sam/utils/cmsis/same70/source/templates/gcc/startup_same70.o
 .debug_loc     0x00002309      0x12c src/main.o

.debug_aranges  0x00000000      0x560
 .debug_aranges
                0x00000000       0x40 src/ASF/common/services/clock/same70/sysclk.o
 .debug_aranges
                0x00000040       0x20 src/ASF/common/services/delay/sam/cycle_counter.o
 .debug_aranges
                0x00000060       0x28 src/ASF/common/utils/interrupt/interrupt_sam_nvic.o
 .debug_aranges
                0x00000088      0x1a8 src/ASF/sam/drivers/pio/pio.o
 .debug_aranges
                0x00000230       0x60 src/ASF/sam/drivers/pio/pio_handler.o
 .debug_aranges
                0x00000290      0x250 src/ASF/sam/drivers/pmc/pmc.o
 .debug_aranges
                0x000004e0       0x28 src/ASF/sam/utils/cmsis/same70/source/templates/gcc/startup_same70.o
 .debug_aranges
                0x00000508       0x30 src/ASF/sam/utils/cmsis/same70/source/templates/system_same70.o
 .debug_aranges
                0x00000538       0x28 src/main.o

.debug_ranges   0x00000000      0x608
 .debug_ranges  0x00000000       0x30 src/ASF/common/services/clock/same70/sysclk.o
 .debug_ranges  0x00000030       0x10 src/ASF/common/services/delay/sam/cycle_counter.o
 .debug_ranges  0x00000040       0x18 src/ASF/common/utils/interrupt/interrupt_sam_nvic.o
 .debug_ranges  0x00000058      0x2a0 src/ASF/sam/drivers/pio/pio.o
 .debug_ranges  0x000002f8       0x68 src/ASF/sam/drivers/pio/pio_handler.o
 .debug_ranges  0x00000360      0x240 src/ASF/sam/drivers/pmc/pmc.o
 .debug_ranges  0x000005a0       0x18 src/ASF/sam/utils/cmsis/same70/source/templates/gcc/startup_same70.o
 .debug_ranges  0x000005b8       0x20 src/ASF/sam/utils/cmsis/same70/source/templates/system_same70.o
 .debug_ranges  0x000005d8       0x30 src/main.o

.debug_macro    0x00000000     0x418e
 .debug_macro   0x00000000      0x6d1 src/ASF/common/services/clock/same70/sysclk.o
 .debug_macro   0x000006d1      0x2b9 src/ASF/common/services/clock/same70/sysclk.o
 .debug_macro   0x0000098a      0x665 src/ASF/common/services/delay/sam/cycle_counter.o
 .debug_macro   0x00000fef       0x22 src/ASF/common/services/delay/sam/cycle_counter.o
 .debug_macro   0x00001011      0x655 src/ASF/common/utils/interrupt/interrupt_sam_nvic.o
 .debug_macro   0x00001666      0x66b src/ASF/sam/drivers/pio/pio.o
 .debug_macro   0x00001cd1       0x8e src/ASF/sam/drivers/pio/pio.o
 .debug_macro   0x00001d5f      0x676 src/ASF/sam/drivers/pio/pio_handler.o
 .debug_macro   0x000023d5      0x66b src/ASF/sam/drivers/pmc/pmc.o
 .debug_macro   0x00002a40       0x6a src/ASF/sam/drivers/pmc/pmc.o
 .debug_macro   0x00002aaa      0x664 src/ASF/sam/utils/cmsis/same70/source/templates/gcc/startup_same70.o
 .debug_macro   0x0000310e       0x10 src/ASF/sam/utils/cmsis/same70/source/templates/gcc/startup_same70.o
 .debug_macro   0x0000311e      0x455 src/ASF/sam/utils/cmsis/same70/source/templates/system_same70.o
 .debug_macro   0x00003573      0x8c5 src/main.o
 .debug_macro   0x00003e38       0x88 src/main.o
 .debug_macro   0x00003ec0       0x94 src/main.o
 .debug_macro   0x00003f54       0x40 src/main.o
 .debug_macro   0x00003f94      0x1c8 src/main.o
 .debug_macro   0x0000415c       0x16 src/main.o
 .debug_macro   0x00004172       0x1c src/main.o

.debug_line     0x00000000     0x6a3d
 .debug_line    0x00000000      0xb4f src/ASF/common/services/clock/same70/sysclk.o
 .debug_line    0x00000b4f      0x9ed src/ASF/common/services/delay/sam/cycle_counter.o
 .debug_line    0x0000153c      0xa01 src/ASF/common/utils/interrupt/interrupt_sam_nvic.o
 .debug_line    0x00001f3d      0xee3 src/ASF/sam/drivers/pio/pio.o
 .debug_line    0x00002e20      0xabf src/ASF/sam/drivers/pio/pio_handler.o
 .debug_line    0x000038df     0x1064 src/ASF/sam/drivers/pmc/pmc.o
 .debug_line    0x00004943      0xa73 src/ASF/sam/utils/cmsis/same70/source/templates/gcc/startup_same70.o
 .debug_line    0x000053b6      0x7e7 src/ASF/sam/utils/cmsis/same70/source/templates/system_same70.o
 .debug_line    0x00005b9d      0xea0 src/main.o

.debug_str      0x00000000    0x8b4ad
 .debug_str     0x00000000    0x857f5 src/ASF/common/services/clock/same70/sysclk.o
                              0x85e9a (size before relaxing)
 .debug_str     0x000857f5      0x1b5 src/ASF/common/services/delay/sam/cycle_counter.o
                              0x8201d (size before relaxing)
 .debug_str     0x000859aa       0x94 src/ASF/common/utils/interrupt/interrupt_sam_nvic.o
                              0x81eed (size before relaxing)
 .debug_str     0x00085a3e      0xb31 src/ASF/sam/drivers/pio/pio.o
                              0x82a43 (size before relaxing)
 .debug_str     0x0008656f      0x59e src/ASF/sam/drivers/pio/pio_handler.o
                              0x82b65 (size before relaxing)
 .debug_str     0x00086b0d      0x6c2 src/ASF/sam/drivers/pmc/pmc.o
                              0x82b98 (size before relaxing)
 .debug_str     0x000871cf      0x6af src/ASF/sam/utils/cmsis/same70/source/templates/gcc/startup_same70.o
                              0x826ba (size before relaxing)
 .debug_str     0x0008787e      0x172 src/ASF/sam/utils/cmsis/same70/source/templates/system_same70.o
                              0x72845 (size before relaxing)
 .debug_str     0x000879f0     0x3abd src/main.o
                              0x89e17 (size before relaxing)

.debug_frame    0x00000000      0xca4
 .debug_frame   0x00000000       0x88 src/ASF/common/services/clock/same70/sysclk.o
 .debug_frame   0x00000088       0x20 src/ASF/common/services/delay/sam/cycle_counter.o
 .debug_frame   0x000000a8       0x30 src/ASF/common/utils/interrupt/interrupt_sam_nvic.o
 .debug_frame   0x000000d8      0x390 src/ASF/sam/drivers/pio/pio.o
 .debug_frame   0x00000468      0x110 src/ASF/sam/drivers/pio/pio_handler.o
 .debug_frame   0x00000578      0x494 src/ASF/sam/drivers/pmc/pmc.o
 .debug_frame   0x00000a0c       0x38 src/ASF/sam/utils/cmsis/same70/source/templates/gcc/startup_same70.o
 .debug_frame   0x00000a44       0x40 src/ASF/sam/utils/cmsis/same70/source/templates/system_same70.o
 .debug_frame   0x00000a84       0x60 src/main.o
 .debug_frame   0x00000ae4       0x2c c:/program files (x86)/atmel/studio/7.0/toolchain/arm/arm-gnu-toolchain/bin/../lib/gcc/arm-none-eabi/6.3.1/../../../../arm-none-eabi/lib/thumb/v7e-m\libc.a(lib_a-init.o)
 .debug_frame   0x00000b10       0x5c c:/program files (x86)/atmel/studio/7.0/toolchain/arm/arm-gnu-toolchain/bin/../lib/gcc/arm-none-eabi/6.3.1/../../../../arm-none-eabi/lib/thumb/v7e-m\libc.a(lib_a-__call_atexit.o)
 .debug_frame   0x00000b6c       0x20 c:/program files (x86)/atmel/studio/7.0/toolchain/arm/arm-gnu-toolchain/bin/../lib/gcc/arm-none-eabi/6.3.1/../../../../arm-none-eabi/lib/thumb/v7e-m\libc.a(lib_a-atexit.o)
 .debug_frame   0x00000b8c       0x34 c:/program files (x86)/atmel/studio/7.0/toolchain/arm/arm-gnu-toolchain/bin/../lib/gcc/arm-none-eabi/6.3.1/../../../../arm-none-eabi/lib/thumb/v7e-m\libc.a(lib_a-fini.o)
 .debug_frame   0x00000bc0       0xb0 c:/program files (x86)/atmel/studio/7.0/toolchain/arm/arm-gnu-toolchain/bin/../lib/gcc/arm-none-eabi/6.3.1/../../../../arm-none-eabi/lib/thumb/v7e-m\libc.a(lib_a-lock.o)
 .debug_frame   0x00000c70       0x34 c:/program files (x86)/atmel/studio/7.0/toolchain/arm/arm-gnu-toolchain/bin/../lib/gcc/arm-none-eabi/6.3.1/../../../../arm-none-eabi/lib/thumb/v7e-m\libc.a(lib_a-__atexit.o)

Cross Reference Table

Symbol                                            File
ACC_Handler                                       src/ASF/sam/utils/cmsis/same70/source/templates/gcc/startup_same70.o
AES_Handler                                       src/ASF/sam/utils/cmsis/same70/source/templates/gcc/startup_same70.o
AFEC0_Handler                                     src/ASF/sam/utils/cmsis/same70/source/templates/gcc/startup_same70.o
AFEC1_Handler                                     src/ASF/sam/utils/cmsis/same70/source/templates/gcc/startup_same70.o
BusFault_Handler                                  src/ASF/sam/utils/cmsis/same70/source/templates/gcc/startup_same70.o
DACC_Handler                                      src/ASF/sam/utils/cmsis/same70/source/templates/gcc/startup_same70.o
DebugMon_Handler                                  src/ASF/sam/utils/cmsis/same70/source/templates/gcc/startup_same70.o
Dummy_Handler                                     src/ASF/sam/utils/cmsis/same70/source/templates/gcc/startup_same70.o
EFC_Handler                                       src/ASF/sam/utils/cmsis/same70/source/templates/gcc/startup_same70.o
GMAC_Handler                                      src/ASF/sam/utils/cmsis/same70/source/templates/gcc/startup_same70.o
HSMCI_Handler                                     src/ASF/sam/utils/cmsis/same70/source/templates/gcc/startup_same70.o
HardFault_Handler                                 src/ASF/sam/utils/cmsis/same70/source/templates/gcc/startup_same70.o
ICM_Handler                                       src/ASF/sam/utils/cmsis/same70/source/templates/gcc/startup_same70.o
ISI_Handler                                       src/ASF/sam/utils/cmsis/same70/source/templates/gcc/startup_same70.o
MCAN0_Handler                                     src/ASF/sam/utils/cmsis/same70/source/templates/gcc/startup_same70.o
MCAN1_Handler                                     src/ASF/sam/utils/cmsis/same70/source/templates/gcc/startup_same70.o
MemManage_Handler                                 src/ASF/sam/utils/cmsis/same70/source/templates/gcc/startup_same70.o
NMI_Handler                                       src/ASF/sam/utils/cmsis/same70/source/templates/gcc/startup_same70.o
PIOA_Handler                                      src/ASF/sam/drivers/pio/pio_handler.o
PIOB_Handler                                      src/ASF/sam/drivers/pio/pio_handler.o
PIOC_Handler                                      src/ASF/sam/drivers/pio/pio_handler.o
PIOD_Handler                                      src/ASF/sam/drivers/pio/pio_handler.o
PIOE_Handler                                      src/ASF/sam/drivers/pio/pio_handler.o
PMC_Handler                                       src/ASF/sam/utils/cmsis/same70/source/templates/gcc/startup_same70.o
PWM0_Handler                                      src/ASF/sam/utils/cmsis/same70/source/templates/gcc/startup_same70.o
PWM1_Handler                                      src/ASF/sam/utils/cmsis/same70/source/templates/gcc/startup_same70.o
PendSV_Handler                                    src/ASF/sam/utils/cmsis/same70/source/templates/gcc/startup_same70.o
QSPI_Handler                                      src/ASF/sam/utils/cmsis/same70/source/templates/gcc/startup_same70.o
RSTC_Handler                                      src/ASF/sam/utils/cmsis/same70/source/templates/gcc/startup_same70.o
RSWDT_Handler                                     src/ASF/sam/utils/cmsis/same70/source/templates/gcc/startup_same70.o
RTC_Handler                                       src/ASF/sam/utils/cmsis/same70/source/templates/gcc/startup_same70.o
RTT_Handler                                       src/ASF/sam/utils/cmsis/same70/source/templates/gcc/startup_same70.o
Reset_Handler                                     src/ASF/sam/utils/cmsis/same70/source/templates/gcc/startup_same70.o
SDRAMC_Handler                                    src/ASF/sam/utils/cmsis/same70/source/templates/gcc/startup_same70.o
SPI0_Handler                                      src/ASF/sam/utils/cmsis/same70/source/templates/gcc/startup_same70.o
SPI1_Handler                                      src/ASF/sam/utils/cmsis/same70/source/templates/gcc/startup_same70.o
SSC_Handler                                       src/ASF/sam/utils/cmsis/same70/source/templates/gcc/startup_same70.o
SUPC_Handler                                      src/ASF/sam/utils/cmsis/same70/source/templates/gcc/startup_same70.o
SVC_Handler                                       src/ASF/sam/utils/cmsis/same70/source/templates/gcc/startup_same70.o
SysTick_Handler                                   src/ASF/sam/utils/cmsis/same70/source/templates/gcc/startup_same70.o
SystemCoreClock                                   src/ASF/sam/utils/cmsis/same70/source/templates/system_same70.o
SystemCoreClockUpdate                             src/ASF/sam/utils/cmsis/same70/source/templates/system_same70.o
                                                  src/ASF/common/services/clock/same70/sysclk.o
SystemInit                                        src/ASF/sam/utils/cmsis/same70/source/templates/system_same70.o
TC0_Handler                                       src/ASF/sam/utils/cmsis/same70/source/templates/gcc/startup_same70.o
TC10_Handler                                      src/ASF/sam/utils/cmsis/same70/source/templates/gcc/startup_same70.o
TC11_Handler                                      src/ASF/sam/utils/cmsis/same70/source/templates/gcc/startup_same70.o
TC1_Handler                                       src/ASF/sam/utils/cmsis/same70/source/templates/gcc/startup_same70.o
TC2_Handler                                       src/ASF/sam/utils/cmsis/same70/source/templates/gcc/startup_same70.o
TC3_Handler                                       src/ASF/sam/utils/cmsis/same70/source/templates/gcc/startup_same70.o
TC4_Handler                                       src/ASF/sam/utils/cmsis/same70/source/templates/gcc/startup_same70.o
TC5_Handler                                       src/ASF/sam/utils/cmsis/same70/source/templates/gcc/startup_same70.o
TC6_Handler                                       src/ASF/sam/utils/cmsis/same70/source/templates/gcc/startup_same70.o
TC7_Handler                                       src/ASF/sam/utils/cmsis/same70/source/templates/gcc/startup_same70.o
TC8_Handler                                       src/ASF/sam/utils/cmsis/same70/source/templates/gcc/startup_same70.o
TC9_Handler                                       src/ASF/sam/utils/cmsis/same70/source/templates/gcc/startup_same70.o
TRNG_Handler                                      src/ASF/sam/utils/cmsis/same70/source/templates/gcc/startup_same70.o
TWIHS0_Handler                                    src/ASF/sam/utils/cmsis/same70/source/templates/gcc/startup_same70.o
TWIHS1_Handler                                    src/ASF/sam/utils/cmsis/same70/source/templates/gcc/startup_same70.o
TWIHS2_Handler                                    src/ASF/sam/utils/cmsis/same70/source/templates/gcc/startup_same70.o
UART0_Handler                                     src/ASF/sam/utils/cmsis/same70/source/templates/gcc/startup_same70.o
UART1_Handler                                     src/ASF/sam/utils/cmsis/same70/source/templates/gcc/startup_same70.o
UART2_Handler                                     src/ASF/sam/utils/cmsis/same70/source/templates/gcc/startup_same70.o
UART3_Handler                                     src/ASF/sam/utils/cmsis/same70/source/templates/gcc/startup_same70.o
UART4_Handler                                     src/ASF/sam/utils/cmsis/same70/source/templates/gcc/startup_same70.o
USART0_Handler                                    src/ASF/sam/utils/cmsis/same70/source/templates/gcc/startup_same70.o
USART1_Handler                                    src/ASF/sam/utils/cmsis/same70/source/templates/gcc/startup_same70.o
USART2_Handler                                    src/ASF/sam/utils/cmsis/same70/source/templates/gcc/startup_same70.o
USBHS_Handler                                     src/ASF/sam/utils/cmsis/same70/source/templates/gcc/startup_same70.o
UsageFault_Handler                                src/ASF/sam/utils/cmsis/same70/source/templates/gcc/startup_same70.o
WDT_Handler                                       src/ASF/sam/utils/cmsis/same70/source/templates/gcc/startup_same70.o
XDMAC_Handler                                     src/ASF/sam/utils/cmsis/same70/source/templates/gcc/startup_same70.o
_Jv_RegisterClasses                               c:/program files (x86)/atmel/studio/7.0/toolchain/arm/arm-gnu-toolchain/bin/../lib/gcc/arm-none-eabi/6.3.1/thumb/v7e-m/crtbegin.o
__atexit_recursive_mutex                          c:/program files (x86)/atmel/studio/7.0/toolchain/arm/arm-gnu-toolchain/bin/../lib/gcc/arm-none-eabi/6.3.1/../../../../arm-none-eabi/lib/thumb/v7e-m\libc.a(lib_a-__call_atexit.o)
                                                  c:/program files (x86)/atmel/studio/7.0/toolchain/arm/arm-gnu-toolchain/bin/../lib/gcc/arm-none-eabi/6.3.1/../../../../arm-none-eabi/lib/thumb/v7e-m\libc.a(lib_a-__atexit.o)
__bss_end__                                       c:/program files (x86)/atmel/studio/7.0/toolchain/arm/arm-gnu-toolchain/bin/../lib/gcc/arm-none-eabi/6.3.1/../../../../arm-none-eabi/lib/thumb/v7e-m/crt0.o
__bss_start__                                     c:/program files (x86)/atmel/studio/7.0/toolchain/arm/arm-gnu-toolchain/bin/../lib/gcc/arm-none-eabi/6.3.1/../../../../arm-none-eabi/lib/thumb/v7e-m/crt0.o
__call_exitprocs                                  c:/program files (x86)/atmel/studio/7.0/toolchain/arm/arm-gnu-toolchain/bin/../lib/gcc/arm-none-eabi/6.3.1/../../../../arm-none-eabi/lib/thumb/v7e-m\libc.a(lib_a-__call_atexit.o)
                                                  c:/program files (x86)/atmel/studio/7.0/toolchain/arm/arm-gnu-toolchain/bin/../lib/gcc/arm-none-eabi/6.3.1/../../../../arm-none-eabi/lib/thumb/v7e-m\libc.a(lib_a-exit.o)
__deregister_frame_info                           c:/program files (x86)/atmel/studio/7.0/toolchain/arm/arm-gnu-toolchain/bin/../lib/gcc/arm-none-eabi/6.3.1/thumb/v7e-m/crtbegin.o
__dso_handle                                      c:/program files (x86)/atmel/studio/7.0/toolchain/arm/arm-gnu-toolchain/bin/../lib/gcc/arm-none-eabi/6.3.1/thumb/v7e-m/crtbegin.o
__fini_array_end                                  c:/program files (x86)/atmel/studio/7.0/toolchain/arm/arm-gnu-toolchain/bin/../lib/gcc/arm-none-eabi/6.3.1/../../../../arm-none-eabi/lib/thumb/v7e-m\libc.a(lib_a-fini.o)
__fini_array_start                                c:/program files (x86)/atmel/studio/7.0/toolchain/arm/arm-gnu-toolchain/bin/../lib/gcc/arm-none-eabi/6.3.1/../../../../arm-none-eabi/lib/thumb/v7e-m\libc.a(lib_a-fini.o)
__init_array_end                                  c:/program files (x86)/atmel/studio/7.0/toolchain/arm/arm-gnu-toolchain/bin/../lib/gcc/arm-none-eabi/6.3.1/../../../../arm-none-eabi/lib/thumb/v7e-m\libc.a(lib_a-init.o)
__init_array_start                                c:/program files (x86)/atmel/studio/7.0/toolchain/arm/arm-gnu-toolchain/bin/../lib/gcc/arm-none-eabi/6.3.1/../../../../arm-none-eabi/lib/thumb/v7e-m\libc.a(lib_a-init.o)
__libc_fini                                       c:/program files (x86)/atmel/studio/7.0/toolchain/arm/arm-gnu-toolchain/bin/../lib/gcc/arm-none-eabi/6.3.1/../../../../arm-none-eabi/lib/thumb/v7e-m\libc.a(lib_a-__call_atexit.o)
__libc_fini_array                                 c:/program files (x86)/atmel/studio/7.0/toolchain/arm/arm-gnu-toolchain/bin/../lib/gcc/arm-none-eabi/6.3.1/../../../../arm-none-eabi/lib/thumb/v7e-m\libc.a(lib_a-fini.o)
                                                  c:/program files (x86)/atmel/studio/7.0/toolchain/arm/arm-gnu-toolchain/bin/../lib/gcc/arm-none-eabi/6.3.1/../../../../arm-none-eabi/lib/thumb/v7e-m\libc.a(lib_a-__call_atexit.o)
                                                  c:/program files (x86)/atmel/studio/7.0/toolchain/arm/arm-gnu-toolchain/bin/../lib/gcc/arm-none-eabi/6.3.1/../../../../arm-none-eabi/lib/thumb/v7e-m/crt0.o
__libc_init_array                                 c:/program files (x86)/atmel/studio/7.0/toolchain/arm/arm-gnu-toolchain/bin/../lib/gcc/arm-none-eabi/6.3.1/../../../../arm-none-eabi/lib/thumb/v7e-m\libc.a(lib_a-init.o)
                                                  src/ASF/sam/utils/cmsis/same70/source/templates/gcc/startup_same70.o
                                                  c:/program files (x86)/atmel/studio/7.0/toolchain/arm/arm-gnu-toolchain/bin/../lib/gcc/arm-none-eabi/6.3.1/../../../../arm-none-eabi/lib/thumb/v7e-m/crt0.o
__lock___arc4random_mutex                         c:/program files (x86)/atmel/studio/7.0/toolchain/arm/arm-gnu-toolchain/bin/../lib/gcc/arm-none-eabi/6.3.1/../../../../arm-none-eabi/lib/thumb/v7e-m\libc.a(lib_a-lock.o)
__lock___at_quick_exit_mutex                      c:/program files (x86)/atmel/studio/7.0/toolchain/arm/arm-gnu-toolchain/bin/../lib/gcc/arm-none-eabi/6.3.1/../../../../arm-none-eabi/lib/thumb/v7e-m\libc.a(lib_a-lock.o)
__lock___atexit_recursive_mutex                   c:/program files (x86)/atmel/studio/7.0/toolchain/arm/arm-gnu-toolchain/bin/../lib/gcc/arm-none-eabi/6.3.1/../../../../arm-none-eabi/lib/thumb/v7e-m\libc.a(lib_a-lock.o)
                                                  c:/program files (x86)/atmel/studio/7.0/toolchain/arm/arm-gnu-toolchain/bin/../lib/gcc/arm-none-eabi/6.3.1/../../../../arm-none-eabi/lib/thumb/v7e-m\libc.a(lib_a-__call_atexit.o)
__lock___dd_hash_mutex                            c:/program files (x86)/atmel/studio/7.0/toolchain/arm/arm-gnu-toolchain/bin/../lib/gcc/arm-none-eabi/6.3.1/../../../../arm-none-eabi/lib/thumb/v7e-m\libc.a(lib_a-lock.o)
__lock___env_recursive_mutex                      c:/program files (x86)/atmel/studio/7.0/toolchain/arm/arm-gnu-toolchain/bin/../lib/gcc/arm-none-eabi/6.3.1/../../../../arm-none-eabi/lib/thumb/v7e-m\libc.a(lib_a-lock.o)
__lock___malloc_recursive_mutex                   c:/program files (x86)/atmel/studio/7.0/toolchain/arm/arm-gnu-toolchain/bin/../lib/gcc/arm-none-eabi/6.3.1/../../../../arm-none-eabi/lib/thumb/v7e-m\libc.a(lib_a-lock.o)
__lock___sfp_recursive_mutex                      c:/program files (x86)/atmel/studio/7.0/toolchain/arm/arm-gnu-toolchain/bin/../lib/gcc/arm-none-eabi/6.3.1/../../../../arm-none-eabi/lib/thumb/v7e-m\libc.a(lib_a-lock.o)
__lock___sinit_recursive_mutex                    c:/program files (x86)/atmel/studio/7.0/toolchain/arm/arm-gnu-toolchain/bin/../lib/gcc/arm-none-eabi/6.3.1/../../../../arm-none-eabi/lib/thumb/v7e-m\libc.a(lib_a-lock.o)
__lock___tz_mutex                                 c:/program files (x86)/atmel/studio/7.0/toolchain/arm/arm-gnu-toolchain/bin/../lib/gcc/arm-none-eabi/6.3.1/../../../../arm-none-eabi/lib/thumb/v7e-m\libc.a(lib_a-lock.o)
__preinit_array_end                               c:/program files (x86)/atmel/studio/7.0/toolchain/arm/arm-gnu-toolchain/bin/../lib/gcc/arm-none-eabi/6.3.1/../../../../arm-none-eabi/lib/thumb/v7e-m\libc.a(lib_a-init.o)
__preinit_array_start                             c:/program files (x86)/atmel/studio/7.0/toolchain/arm/arm-gnu-toolchain/bin/../lib/gcc/arm-none-eabi/6.3.1/../../../../arm-none-eabi/lib/thumb/v7e-m\libc.a(lib_a-init.o)
__ram_end__                                       src/ASF/sam/utils/syscalls/gcc/syscalls.o
__register_exitproc                               c:/program files (x86)/atmel/studio/7.0/toolchain/arm/arm-gnu-toolchain/bin/../lib/gcc/arm-none-eabi/6.3.1/../../../../arm-none-eabi/lib/thumb/v7e-m\libc.a(lib_a-__atexit.o)
                                                  c:/program files (x86)/atmel/studio/7.0/toolchain/arm/arm-gnu-toolchain/bin/../lib/gcc/arm-none-eabi/6.3.1/../../../../arm-none-eabi/lib/thumb/v7e-m\libc.a(lib_a-atexit.o)
__register_frame_info                             c:/program files (x86)/atmel/studio/7.0/toolchain/arm/arm-gnu-toolchain/bin/../lib/gcc/arm-none-eabi/6.3.1/thumb/v7e-m/crtbegin.o
__retarget_lock_acquire                           c:/program files (x86)/atmel/studio/7.0/toolchain/arm/arm-gnu-toolchain/bin/../lib/gcc/arm-none-eabi/6.3.1/../../../../arm-none-eabi/lib/thumb/v7e-m\libc.a(lib_a-lock.o)
__retarget_lock_acquire_recursive                 c:/program files (x86)/atmel/studio/7.0/toolchain/arm/arm-gnu-toolchain/bin/../lib/gcc/arm-none-eabi/6.3.1/../../../../arm-none-eabi/lib/thumb/v7e-m\libc.a(lib_a-lock.o)
                                                  c:/program files (x86)/atmel/studio/7.0/toolchain/arm/arm-gnu-toolchain/bin/../lib/gcc/arm-none-eabi/6.3.1/../../../../arm-none-eabi/lib/thumb/v7e-m\libc.a(lib_a-__atexit.o)
                                                  c:/program files (x86)/atmel/studio/7.0/toolchain/arm/arm-gnu-toolchain/bin/../lib/gcc/arm-none-eabi/6.3.1/../../../../arm-none-eabi/lib/thumb/v7e-m\libc.a(lib_a-__call_atexit.o)
__retarget_lock_close                             c:/program files (x86)/atmel/studio/7.0/toolchain/arm/arm-gnu-toolchain/bin/../lib/gcc/arm-none-eabi/6.3.1/../../../../arm-none-eabi/lib/thumb/v7e-m\libc.a(lib_a-lock.o)
__retarget_lock_close_recursive                   c:/program files (x86)/atmel/studio/7.0/toolchain/arm/arm-gnu-toolchain/bin/../lib/gcc/arm-none-eabi/6.3.1/../../../../arm-none-eabi/lib/thumb/v7e-m\libc.a(lib_a-lock.o)
__retarget_lock_init                              c:/program files (x86)/atmel/studio/7.0/toolchain/arm/arm-gnu-toolchain/bin/../lib/gcc/arm-none-eabi/6.3.1/../../../../arm-none-eabi/lib/thumb/v7e-m\libc.a(lib_a-lock.o)
__retarget_lock_init_recursive                    c:/program files (x86)/atmel/studio/7.0/toolchain/arm/arm-gnu-toolchain/bin/../lib/gcc/arm-none-eabi/6.3.1/../../../../arm-none-eabi/lib/thumb/v7e-m\libc.a(lib_a-lock.o)
__retarget_lock_release                           c:/program files (x86)/atmel/studio/7.0/toolchain/arm/arm-gnu-toolchain/bin/../lib/gcc/arm-none-eabi/6.3.1/../../../../arm-none-eabi/lib/thumb/v7e-m\libc.a(lib_a-lock.o)
__retarget_lock_release_recursive                 c:/program files (x86)/atmel/studio/7.0/toolchain/arm/arm-gnu-toolchain/bin/../lib/gcc/arm-none-eabi/6.3.1/../../../../arm-none-eabi/lib/thumb/v7e-m\libc.a(lib_a-lock.o)
                                                  c:/program files (x86)/atmel/studio/7.0/toolchain/arm/arm-gnu-toolchain/bin/../lib/gcc/arm-none-eabi/6.3.1/../../../../arm-none-eabi/lib/thumb/v7e-m\libc.a(lib_a-__atexit.o)
                                                  c:/program files (x86)/atmel/studio/7.0/toolchain/arm/arm-gnu-toolchain/bin/../lib/gcc/arm-none-eabi/6.3.1/../../../../arm-none-eabi/lib/thumb/v7e-m\libc.a(lib_a-__call_atexit.o)
__retarget_lock_try_acquire                       c:/program files (x86)/atmel/studio/7.0/toolchain/arm/arm-gnu-toolchain/bin/../lib/gcc/arm-none-eabi/6.3.1/../../../../arm-none-eabi/lib/thumb/v7e-m\libc.a(lib_a-lock.o)
__retarget_lock_try_acquire_recursive             c:/program files (x86)/atmel/studio/7.0/toolchain/arm/arm-gnu-toolchain/bin/../lib/gcc/arm-none-eabi/6.3.1/../../../../arm-none-eabi/lib/thumb/v7e-m\libc.a(lib_a-lock.o)
__stack                                           c:/program files (x86)/atmel/studio/7.0/toolchain/arm/arm-gnu-toolchain/bin/../lib/gcc/arm-none-eabi/6.3.1/../../../../arm-none-eabi/lib/thumb/v7e-m/crt0.o
_close                                            src/ASF/sam/utils/syscalls/gcc/syscalls.o
_end                                              src/ASF/sam/utils/syscalls/gcc/syscalls.o
_erelocate                                        src/ASF/sam/utils/cmsis/same70/source/templates/gcc/startup_same70.o
_estack                                           src/ASF/sam/utils/cmsis/same70/source/templates/gcc/startup_same70.o
_etext                                            src/ASF/sam/utils/cmsis/same70/source/templates/gcc/startup_same70.o
_exit                                             src/ASF/sam/utils/syscalls/gcc/syscalls.o
                                                  c:/program files (x86)/atmel/studio/7.0/toolchain/arm/arm-gnu-toolchain/bin/../lib/gcc/arm-none-eabi/6.3.1/../../../../arm-none-eabi/lib/thumb/v7e-m\libc.a(lib_a-exit.o)
_ezero                                            src/ASF/sam/utils/cmsis/same70/source/templates/gcc/startup_same70.o
_fini                                             c:/program files (x86)/atmel/studio/7.0/toolchain/arm/arm-gnu-toolchain/bin/../lib/gcc/arm-none-eabi/6.3.1/thumb/v7e-m/crti.o
                                                  c:/program files (x86)/atmel/studio/7.0/toolchain/arm/arm-gnu-toolchain/bin/../lib/gcc/arm-none-eabi/6.3.1/../../../../arm-none-eabi/lib/thumb/v7e-m\libc.a(lib_a-fini.o)
_fstat                                            src/ASF/sam/utils/syscalls/gcc/syscalls.o
_getpid                                           src/ASF/sam/utils/syscalls/gcc/syscalls.o
_global_impure_ptr                                c:/program files (x86)/atmel/studio/7.0/toolchain/arm/arm-gnu-toolchain/bin/../lib/gcc/arm-none-eabi/6.3.1/../../../../arm-none-eabi/lib/thumb/v7e-m\libc.a(lib_a-impure.o)
                                                  c:/program files (x86)/atmel/studio/7.0/toolchain/arm/arm-gnu-toolchain/bin/../lib/gcc/arm-none-eabi/6.3.1/../../../../arm-none-eabi/lib/thumb/v7e-m\libc.a(lib_a-__atexit.o)
                                                  c:/program files (x86)/atmel/studio/7.0/toolchain/arm/arm-gnu-toolchain/bin/../lib/gcc/arm-none-eabi/6.3.1/../../../../arm-none-eabi/lib/thumb/v7e-m\libc.a(lib_a-__call_atexit.o)
                                                  c:/program files (x86)/atmel/studio/7.0/toolchain/arm/arm-gnu-toolchain/bin/../lib/gcc/arm-none-eabi/6.3.1/../../../../arm-none-eabi/lib/thumb/v7e-m\libc.a(lib_a-exit.o)
_impure_ptr                                       c:/program files (x86)/atmel/studio/7.0/toolchain/arm/arm-gnu-toolchain/bin/../lib/gcc/arm-none-eabi/6.3.1/../../../../arm-none-eabi/lib/thumb/v7e-m\libc.a(lib_a-impure.o)
_init                                             c:/program files (x86)/atmel/studio/7.0/toolchain/arm/arm-gnu-toolchain/bin/../lib/gcc/arm-none-eabi/6.3.1/thumb/v7e-m/crti.o
                                                  c:/program files (x86)/atmel/studio/7.0/toolchain/arm/arm-gnu-toolchain/bin/../lib/gcc/arm-none-eabi/6.3.1/../../../../arm-none-eabi/lib/thumb/v7e-m\libc.a(lib_a-init.o)
_isatty                                           src/ASF/sam/utils/syscalls/gcc/syscalls.o
_kill                                             src/ASF/sam/utils/syscalls/gcc/syscalls.o
_lseek                                            src/ASF/sam/utils/syscalls/gcc/syscalls.o
_mainCRTStartup                                   c:/program files (x86)/atmel/studio/7.0/toolchain/arm/arm-gnu-toolchain/bin/../lib/gcc/arm-none-eabi/6.3.1/../../../../arm-none-eabi/lib/thumb/v7e-m/crt0.o
_sbrk                                             src/ASF/sam/utils/syscalls/gcc/syscalls.o
_sfixed                                           src/ASF/sam/utils/cmsis/same70/source/templates/gcc/startup_same70.o
_srelocate                                        src/ASF/sam/utils/cmsis/same70/source/templates/gcc/startup_same70.o
_start                                            c:/program files (x86)/atmel/studio/7.0/toolchain/arm/arm-gnu-toolchain/bin/../lib/gcc/arm-none-eabi/6.3.1/../../../../arm-none-eabi/lib/thumb/v7e-m/crt0.o
_szero                                            src/ASF/sam/utils/cmsis/same70/source/templates/gcc/startup_same70.o
atexit                                            c:/program files (x86)/atmel/studio/7.0/toolchain/arm/arm-gnu-toolchain/bin/../lib/gcc/arm-none-eabi/6.3.1/../../../../arm-none-eabi/lib/thumb/v7e-m\libc.a(lib_a-atexit.o)
                                                  c:/program files (x86)/atmel/studio/7.0/toolchain/arm/arm-gnu-toolchain/bin/../lib/gcc/arm-none-eabi/6.3.1/../../../../arm-none-eabi/lib/thumb/v7e-m\libc.a(lib_a-__call_atexit.o)
                                                  c:/program files (x86)/atmel/studio/7.0/toolchain/arm/arm-gnu-toolchain/bin/../lib/gcc/arm-none-eabi/6.3.1/../../../../arm-none-eabi/lib/thumb/v7e-m/crt0.o
cpu_irq_enter_critical                            src/ASF/common/utils/interrupt/interrupt_sam_nvic.o
cpu_irq_leave_critical                            src/ASF/common/utils/interrupt/interrupt_sam_nvic.o
exception_table                                   src/ASF/sam/utils/cmsis/same70/source/templates/gcc/startup_same70.o
exit                                              c:/program files (x86)/atmel/studio/7.0/toolchain/arm/arm-gnu-toolchain/bin/../lib/gcc/arm-none-eabi/6.3.1/../../../../arm-none-eabi/lib/thumb/v7e-m\libc.a(lib_a-exit.o)
                                                  c:/program files (x86)/atmel/studio/7.0/toolchain/arm/arm-gnu-toolchain/bin/../lib/gcc/arm-none-eabi/6.3.1/../../../../arm-none-eabi/lib/thumb/v7e-m/crt0.o
free                                              c:/program files (x86)/atmel/studio/7.0/toolchain/arm/arm-gnu-toolchain/bin/../lib/gcc/arm-none-eabi/6.3.1/../../../../arm-none-eabi/lib/thumb/v7e-m\libc.a(lib_a-__call_atexit.o)
g_interrupt_enabled                               src/ASF/common/utils/interrupt/interrupt_sam_nvic.o
                                                  src/ASF/sam/utils/cmsis/same70/source/templates/gcc/startup_same70.o
                                                  src/ASF/sam/drivers/pmc/sleep.o
                                                  src/ASF/sam/drivers/mpu/mpu.o
gfx_draw_char                                     src/ASF/common/services/gfx/gfx_text.o
gfx_draw_progmem_string                           src/ASF/common/services/gfx/gfx_text.o
gfx_draw_progmem_string_aligned                   src/ASF/common/services/gfx/gfx_text.o
gfx_draw_string                                   src/ASF/common/services/gfx/gfx_text.o
gfx_draw_string_aligned                           src/ASF/common/services/gfx/gfx_text.o
gfx_generic_draw_bitmap_tiled                     src/ASF/common/services/gfx/gfx_generic.o
gfx_generic_draw_circle                           src/ASF/common/services/gfx/gfx_generic.o
gfx_generic_draw_filled_circle                    src/ASF/common/services/gfx/gfx_generic.o
gfx_generic_draw_filled_rect                      src/ASF/common/services/gfx/gfx_generic.o
                                                  src/ASF/common/services/gfx/gfx_text.o
                                                  src/ASF/common/services/gfx/gfx_ili9341_sdt028atft.o
gfx_generic_draw_line                             src/ASF/common/services/gfx/gfx_generic.o
gfx_generic_get_pixmap                            src/ASF/common/services/gfx/gfx_generic.o
gfx_generic_put_bitmap                            src/ASF/common/services/gfx/gfx_generic.o
gfx_generic_put_pixmap                            src/ASF/common/services/gfx/gfx_generic.o
gfx_generic_set_ext_handler                       src/ASF/common/services/gfx/gfx_generic.o
gfx_get_height                                    src/ASF/common/services/gfx/gfx_generic.o
gfx_get_progmem_string_bounding_box               src/ASF/common/services/gfx/gfx_text.o
gfx_get_string_bounding_box                       src/ASF/common/services/gfx/gfx_text.o
gfx_get_width                                     src/ASF/common/services/gfx/gfx_generic.o
gfx_height                                        src/ASF/common/services/gfx/gfx_ili9341_sdt028atft.o
                                                  src/ASF/common/services/gfx/gfx_generic.o
gfx_ili9341_color                                 src/ASF/common/services/gfx/gfx_ili9341_sdt028atft.o
gfx_ili9341_draw_line_pixel                       src/ASF/common/services/gfx/gfx_ili9341_sdt028atft.o
                                                  src/ASF/common/services/gfx/gfx_generic.o
gfx_ili9341_draw_pixel                            src/ASF/common/services/gfx/gfx_ili9341_sdt028atft.o
                                                  src/ASF/common/services/gfx/gfx_text.o
                                                  src/ASF/common/services/gfx/gfx_generic.o
gfx_ili9341_get_pixel                             src/ASF/common/services/gfx/gfx_ili9341_sdt028atft.o
gfx_ili9341_init                                  src/ASF/common/services/gfx/gfx_ili9341_sdt028atft.o
gfx_ili9341_set_orientation                       src/ASF/common/services/gfx/gfx_ili9341_sdt028atft.o
gfx_max_x                                         src/ASF/common/services/gfx/gfx_ili9341_sdt028atft.o
                                                  src/ASF/common/services/gfx/gfx_generic.o
gfx_max_y                                         src/ASF/common/services/gfx/gfx_ili9341_sdt028atft.o
                                                  src/ASF/common/services/gfx/gfx_generic.o
gfx_min_x                                         src/ASF/common/services/gfx/gfx_ili9341_sdt028atft.o
                                                  src/ASF/common/services/gfx/gfx_generic.o
gfx_min_y                                         src/ASF/common/services/gfx/gfx_ili9341_sdt028atft.o
                                                  src/ASF/common/services/gfx/gfx_generic.o
gfx_set_clipping                                  src/ASF/common/services/gfx/gfx_generic.o
                                                  src/ASF/common/services/gfx/gfx_ili9341_sdt028atft.o
gfx_width                                         src/ASF/common/services/gfx/gfx_ili9341_sdt028atft.o
                                                  src/ASF/common/services/gfx/gfx_generic.o
hardware_init_hook                                c:/program files (x86)/atmel/studio/7.0/toolchain/arm/arm-gnu-toolchain/bin/../lib/gcc/arm-none-eabi/6.3.1/../../../../arm-none-eabi/lib/thumb/v7e-m/crt0.o
ili9341_copy_pixels_from_screen                   src/ASF/common/components/display/ili9341/ili9341.o
                                                  src/ASF/common/services/gfx/gfx_generic.o
ili9341_copy_pixels_to_screen                     src/ASF/common/components/display/ili9341/ili9341.o
                                                  src/ASF/common/services/gfx/gfx_generic.o
ili9341_duplicate_pixel                           src/ASF/common/components/display/ili9341/ili9341.o
                                                  src/ASF/common/services/gfx/gfx_generic.o
ili9341_init                                      src/ASF/common/components/display/ili9341/ili9341.o
                                                  src/ASF/common/services/gfx/gfx_ili9341_sdt028atft.o
ili9341_read_gram                                 src/ASF/common/components/display/ili9341/ili9341.o
                                                  src/ASF/common/services/gfx/gfx_ili9341_sdt028atft.o
ili9341_set_bottom_right_limit                    src/ASF/common/components/display/ili9341/ili9341.o
                                                  src/ASF/common/services/gfx/gfx_generic.o
ili9341_set_limits                                src/ASF/common/components/display/ili9341/ili9341.o
                                                  src/ASF/common/services/gfx/gfx_ili9341_sdt028atft.o
                                                  src/ASF/common/services/gfx/gfx_generic.o
ili9341_set_orientation                           src/ASF/common/components/display/ili9341/ili9341.o
                                                  src/ASF/common/services/gfx/gfx_ili9341_sdt028atft.o
ili9341_set_top_left_limit                        src/ASF/common/components/display/ili9341/ili9341.o
                                                  src/ASF/common/services/gfx/gfx_ili9341_sdt028atft.o
                                                  src/ASF/common/services/gfx/gfx_generic.o
ili9341_write_gram                                src/ASF/common/components/display/ili9341/ili9341.o
                                                  src/ASF/common/services/gfx/gfx_ili9341_sdt028atft.o
init                                              src/main.o
link                                              src/ASF/sam/utils/syscalls/gcc/syscalls.o
main                                              src/main.o
                                                  src/ASF/sam/utils/cmsis/same70/source/templates/gcc/startup_same70.o
                                                  c:/program files (x86)/atmel/studio/7.0/toolchain/arm/arm-gnu-toolchain/bin/../lib/gcc/arm-none-eabi/6.3.1/../../../../arm-none-eabi/lib/thumb/v7e-m/crt0.o
malloc                                            c:/program files (x86)/atmel/studio/7.0/toolchain/arm/arm-gnu-toolchain/bin/../lib/gcc/arm-none-eabi/6.3.1/../../../../arm-none-eabi/lib/thumb/v7e-m\libc.a(lib_a-__atexit.o)
memset                                            c:/program files (x86)/atmel/studio/7.0/toolchain/arm/arm-gnu-toolchain/bin/../lib/gcc/arm-none-eabi/6.3.1/../../../../arm-none-eabi/lib/thumb/v7e-m\libc.a(lib_a-memset.o)
                                                  c:/program files (x86)/atmel/studio/7.0/toolchain/arm/arm-gnu-toolchain/bin/../lib/gcc/arm-none-eabi/6.3.1/../../../../arm-none-eabi/lib/thumb/v7e-m/crt0.o
mpu_cal_mpu_region_size                           src/ASF/sam/drivers/mpu/mpu.o
mpu_disable_region                                src/ASF/sam/drivers/mpu/mpu.o
mpu_enable                                        src/ASF/sam/drivers/mpu/mpu.o
mpu_set_region                                    src/ASF/sam/drivers/mpu/mpu.o
mpu_set_region_num                                src/ASF/sam/drivers/mpu/mpu.o
mpu_update_regions                                src/ASF/sam/drivers/mpu/mpu.o
pio_capture_disable                               src/ASF/sam/drivers/pio/pio.o
pio_capture_disable_interrupt                     src/ASF/sam/drivers/pio/pio.o
pio_capture_enable                                src/ASF/sam/drivers/pio/pio.o
pio_capture_enable_flag                           src/ASF/sam/drivers/pio/pio.o
pio_capture_enable_interrupt                      src/ASF/sam/drivers/pio/pio.o
pio_capture_get_interrupt_mask                    src/ASF/sam/drivers/pio/pio.o
pio_capture_get_interrupt_status                  src/ASF/sam/drivers/pio/pio.o
pio_capture_read                                  src/ASF/sam/drivers/pio/pio.o
pio_capture_set_mode                              src/ASF/sam/drivers/pio/pio.o
pio_clear                                         src/ASF/sam/drivers/pio/pio.o
                                                  src/main.o
pio_configure                                     src/ASF/sam/drivers/pio/pio.o
pio_configure_interrupt                           src/ASF/sam/drivers/pio/pio.o
                                                  src/ASF/sam/drivers/pio/pio_handler.o
pio_configure_pin                                 src/ASF/sam/drivers/pio/pio.o
pio_configure_pin_group                           src/ASF/sam/drivers/pio/pio.o
pio_disable_interrupt                             src/ASF/sam/drivers/pio/pio.o
                                                  src/ASF/sam/drivers/pio/pio_handler.o
pio_disable_output_write                          src/ASF/sam/drivers/pio/pio.o
pio_disable_pin_interrupt                         src/ASF/sam/drivers/pio/pio.o
pio_enable_interrupt                              src/ASF/sam/drivers/pio/pio.o
                                                  src/ASF/sam/drivers/pio/pio_handler.o
pio_enable_output_write                           src/ASF/sam/drivers/pio/pio.o
pio_enable_pin_interrupt                          src/ASF/sam/drivers/pio/pio.o
pio_get                                           src/ASF/sam/drivers/pio/pio.o
                                                  src/main.o
pio_get_interrupt_mask                            src/ASF/sam/drivers/pio/pio.o
                                                  src/ASF/sam/drivers/pio/pio_handler.o
pio_get_interrupt_status                          src/ASF/sam/drivers/pio/pio.o
                                                  src/ASF/sam/drivers/pio/pio_handler.o
pio_get_multi_driver_status                       src/ASF/sam/drivers/pio/pio.o
pio_get_output_data_status                        src/ASF/sam/drivers/pio/pio.o
pio_get_output_write_status                       src/ASF/sam/drivers/pio/pio.o
pio_get_pin_group                                 src/ASF/sam/drivers/pio/pio.o
                                                  src/ASF/sam/drivers/pio/pio_handler.o
pio_get_pin_group_id                              src/ASF/sam/drivers/pio/pio.o
                                                  src/ASF/sam/drivers/pio/pio_handler.o
pio_get_pin_group_mask                            src/ASF/sam/drivers/pio/pio.o
                                                  src/ASF/sam/drivers/pio/pio_handler.o
pio_get_pin_value                                 src/ASF/sam/drivers/pio/pio.o
pio_get_schmitt_trigger                           src/ASF/sam/drivers/pio/pio.o
pio_get_writeprotect_status                       src/ASF/sam/drivers/pio/pio.o
pio_handler_process                               src/ASF/sam/drivers/pio/pio_handler.o
pio_handler_set                                   src/ASF/sam/drivers/pio/pio_handler.o
pio_handler_set_pin                               src/ASF/sam/drivers/pio/pio_handler.o
pio_handler_set_priority                          src/ASF/sam/drivers/pio/pio_handler.o
pio_pull_down                                     src/ASF/sam/drivers/pio/pio.o
pio_pull_up                                       src/ASF/sam/drivers/pio/pio.o
                                                  src/main.o
pio_set                                           src/ASF/sam/drivers/pio/pio.o
                                                  src/main.o
pio_set_additional_interrupt_mode                 src/ASF/sam/drivers/pio/pio.o
pio_set_debounce_filter                           src/ASF/sam/drivers/pio/pio.o
pio_set_input                                     src/ASF/sam/drivers/pio/pio.o
                                                  src/main.o
pio_set_io_drive                                  src/ASF/sam/drivers/pio/pio.o
pio_set_multi_driver                              src/ASF/sam/drivers/pio/pio.o
pio_set_output                                    src/ASF/sam/drivers/pio/pio.o
                                                  src/main.o
pio_set_peripheral                                src/ASF/sam/drivers/pio/pio.o
pio_set_pin_group_high                            src/ASF/sam/drivers/pio/pio.o
pio_set_pin_group_low                             src/ASF/sam/drivers/pio/pio.o
pio_set_pin_high                                  src/ASF/sam/drivers/pio/pio.o
pio_set_pin_low                                   src/ASF/sam/drivers/pio/pio.o
pio_set_schmitt_trigger                           src/ASF/sam/drivers/pio/pio.o
pio_set_writeprotect                              src/ASF/sam/drivers/pio/pio.o
pio_sync_output_write                             src/ASF/sam/drivers/pio/pio.o
pio_toggle_pin                                    src/ASF/sam/drivers/pio/pio.o
pio_toggle_pin_group                              src/ASF/sam/drivers/pio/pio.o
pmc_clr_fast_startup_input                        src/ASF/sam/drivers/pmc/pmc.o
pmc_disable_all_pck                               src/ASF/sam/drivers/pmc/pmc.o
pmc_disable_all_periph_clk                        src/ASF/sam/drivers/pmc/pmc.o
pmc_disable_clock_failure_detector                src/ASF/sam/drivers/pmc/pmc.o
pmc_disable_interrupt                             src/ASF/sam/drivers/pmc/pmc.o
pmc_disable_pck                                   src/ASF/sam/drivers/pmc/pmc.o
pmc_disable_periph_clk                            src/ASF/sam/drivers/pmc/pmc.o
                                                  src/ASF/sam/drivers/spi/spi.o
pmc_disable_pllack                                src/ASF/sam/drivers/pmc/pmc.o
                                                  src/ASF/sam/drivers/pmc/sleep.o
                                                  src/ASF/common/services/clock/same70/sysclk.o
pmc_disable_sclk_osc_freq_monitor                 src/ASF/sam/drivers/pmc/pmc.o
pmc_disable_sleepwalking                          src/ASF/sam/drivers/pmc/pmc.o
pmc_disable_udpck                                 src/ASF/sam/drivers/pmc/pmc.o
                                                  src/ASF/common/services/clock/same70/sysclk.o
pmc_disable_upll_clock                            src/ASF/sam/drivers/pmc/pmc.o
pmc_enable_all_pck                                src/ASF/sam/drivers/pmc/pmc.o
pmc_enable_all_periph_clk                         src/ASF/sam/drivers/pmc/pmc.o
pmc_enable_backupmode                             src/ASF/sam/drivers/pmc/pmc.o
pmc_enable_clock_failure_detector                 src/ASF/sam/drivers/pmc/pmc.o
pmc_enable_interrupt                              src/ASF/sam/drivers/pmc/pmc.o
pmc_enable_pck                                    src/ASF/sam/drivers/pmc/pmc.o
pmc_enable_periph_clk                             src/ASF/sam/drivers/pmc/pmc.o
                                                  src/main.o
                                                  src/ASF/sam/drivers/spi/spi.o
pmc_enable_pllack                                 src/ASF/sam/drivers/pmc/pmc.o
pmc_enable_sclk_osc_freq_monitor                  src/ASF/sam/drivers/pmc/pmc.o
pmc_enable_sleepmode                              src/ASF/sam/drivers/pmc/pmc.o
pmc_enable_sleepwalking                           src/ASF/sam/drivers/pmc/pmc.o
pmc_enable_udpck                                  src/ASF/sam/drivers/pmc/pmc.o
                                                  src/ASF/common/services/clock/same70/sysclk.o
pmc_enable_upll_clock                             src/ASF/sam/drivers/pmc/pmc.o
                                                  src/ASF/common/services/clock/same70/sysclk.o
pmc_enable_waitmode                               src/ASF/sam/drivers/pmc/pmc.o
                                                  src/ASF/sam/drivers/pmc/sleep.o
pmc_get_active_status0                            src/ASF/sam/drivers/pmc/pmc.o
pmc_get_active_status1                            src/ASF/sam/drivers/pmc/pmc.o
pmc_get_interrupt_mask                            src/ASF/sam/drivers/pmc/pmc.o
pmc_get_sleepwalking_status0                      src/ASF/sam/drivers/pmc/pmc.o
pmc_get_sleepwalking_status1                      src/ASF/sam/drivers/pmc/pmc.o
pmc_get_status                                    src/ASF/sam/drivers/pmc/pmc.o
pmc_get_writeprotect_status                       src/ASF/sam/drivers/pmc/pmc.o
pmc_is_locked_pllack                              src/ASF/sam/drivers/pmc/pmc.o
                                                  src/ASF/common/services/clock/same70/sysclk.o
pmc_is_locked_upll                                src/ASF/sam/drivers/pmc/pmc.o
pmc_is_pck_enabled                                src/ASF/sam/drivers/pmc/pmc.o
pmc_is_periph_clk_enabled                         src/ASF/sam/drivers/pmc/pmc.o
pmc_is_wakeup_clocks_restored                     src/ASF/sam/drivers/pmc/sleep.o
pmc_mainck_osc_select                             src/ASF/sam/drivers/pmc/pmc.o
pmc_mck_set_division                              src/ASF/sam/drivers/pmc/pmc.o
                                                  src/ASF/common/services/clock/same70/sysclk.o
pmc_mck_set_prescaler                             src/ASF/sam/drivers/pmc/pmc.o
                                                  src/ASF/common/services/clock/same70/sysclk.o
pmc_mck_set_source                                src/ASF/sam/drivers/pmc/pmc.o
                                                  src/ASF/common/services/clock/same70/sysclk.o
pmc_osc_bypass_main_xtal                          src/ASF/sam/drivers/pmc/pmc.o
pmc_osc_disable_fastrc                            src/ASF/sam/drivers/pmc/pmc.o
pmc_osc_disable_main_xtal                         src/ASF/sam/drivers/pmc/pmc.o
pmc_osc_disable_xtal                              src/ASF/sam/drivers/pmc/pmc.o
pmc_osc_enable_fastrc                             src/ASF/sam/drivers/pmc/pmc.o
pmc_osc_enable_main_xtal                          src/ASF/sam/drivers/pmc/pmc.o
pmc_osc_is_bypassed_main_xtal                     src/ASF/sam/drivers/pmc/pmc.o
pmc_osc_is_ready_32kxtal                          src/ASF/sam/drivers/pmc/pmc.o
pmc_osc_is_ready_fastrc                           src/ASF/sam/drivers/pmc/pmc.o
pmc_osc_is_ready_main_xtal                        src/ASF/sam/drivers/pmc/pmc.o
pmc_osc_is_ready_mainck                           src/ASF/sam/drivers/pmc/pmc.o
                                                  src/ASF/common/services/clock/same70/sysclk.o
pmc_pck_set_prescaler                             src/ASF/sam/drivers/pmc/pmc.o
pmc_pck_set_source                                src/ASF/sam/drivers/pmc/pmc.o
pmc_set_fast_startup_input                        src/ASF/sam/drivers/pmc/pmc.o
pmc_set_flash_in_wait_mode                        src/ASF/sam/drivers/pmc/pmc.o
                                                  src/ASF/sam/drivers/pmc/sleep.o
pmc_set_writeprotect                              src/ASF/sam/drivers/pmc/pmc.o
pmc_sleep                                         src/ASF/sam/drivers/pmc/sleep.o
pmc_switch_mainck_to_fastrc                       src/ASF/sam/drivers/pmc/pmc.o
pmc_switch_mainck_to_xtal                         src/ASF/sam/drivers/pmc/pmc.o
                                                  src/ASF/common/services/clock/same70/sysclk.o
pmc_switch_mck_to_mainck                          src/ASF/sam/drivers/pmc/pmc.o
pmc_switch_mck_to_pllack                          src/ASF/sam/drivers/pmc/pmc.o
                                                  src/ASF/common/services/clock/same70/sysclk.o
pmc_switch_mck_to_sclk                            src/ASF/sam/drivers/pmc/pmc.o
pmc_switch_mck_to_upllck                          src/ASF/sam/drivers/pmc/pmc.o
pmc_switch_pck_to_mainck                          src/ASF/sam/drivers/pmc/pmc.o
pmc_switch_pck_to_mck                             src/ASF/sam/drivers/pmc/pmc.o
pmc_switch_pck_to_pllack                          src/ASF/sam/drivers/pmc/pmc.o
pmc_switch_pck_to_sclk                            src/ASF/sam/drivers/pmc/pmc.o
pmc_switch_pck_to_upllck                          src/ASF/sam/drivers/pmc/pmc.o
pmc_switch_sclk_to_32kxtal                        src/ASF/sam/drivers/pmc/pmc.o
pmc_switch_udpck_to_pllack                        src/ASF/sam/drivers/pmc/pmc.o
pmc_switch_udpck_to_upllck                        src/ASF/sam/drivers/pmc/pmc.o
                                                  src/ASF/common/services/clock/same70/sysclk.o
pmc_wait_wakeup_clocks_restore                    src/ASF/sam/drivers/pmc/sleep.o
portable_delay_cycles                             src/ASF/common/services/delay/sam/cycle_counter.o
                                                  src/main.o
                                                  src/ASF/common/components/display/ili9341/ili9341.o
software_init_hook                                c:/program files (x86)/atmel/studio/7.0/toolchain/arm/arm-gnu-toolchain/bin/../lib/gcc/arm-none-eabi/6.3.1/../../../../arm-none-eabi/lib/thumb/v7e-m/crt0.o
spi_calc_baudrate_div                             src/ASF/sam/drivers/spi/spi.o
                                                  src/ASF/common/services/spi/sam_spi/spi_master.o
spi_configure_cs_behavior                         src/ASF/sam/drivers/spi/spi.o
                                                  src/ASF/common/services/spi/sam_spi/spi_master.o
spi_deselect_device                               src/ASF/common/services/spi/sam_spi/spi_master.o
spi_disable_clock                                 src/ASF/sam/drivers/spi/spi.o
spi_enable_clock                                  src/ASF/sam/drivers/spi/spi.o
                                                  src/ASF/common/services/spi/sam_spi/spi_master.o
spi_get_writeprotect_status                       src/ASF/sam/drivers/spi/spi.o
spi_master_init                                   src/ASF/common/services/spi/sam_spi/spi_master.o
                                                  src/ASF/common/components/display/ili9341/ili9341.o
spi_master_setup_device                           src/ASF/common/services/spi/sam_spi/spi_master.o
                                                  src/ASF/common/components/display/ili9341/ili9341.o
spi_read                                          src/ASF/sam/drivers/spi/spi.o
spi_read_packet                                   src/ASF/common/services/spi/sam_spi/spi_master.o
spi_select_device                                 src/ASF/common/services/spi/sam_spi/spi_master.o
spi_set_baudrate_div                              src/ASF/sam/drivers/spi/spi.o
                                                  src/ASF/common/services/spi/sam_spi/spi_master.o
spi_set_bits_per_transfer                         src/ASF/sam/drivers/spi/spi.o
                                                  src/ASF/common/services/spi/sam_spi/spi_master.o
spi_set_clock_phase                               src/ASF/sam/drivers/spi/spi.o
                                                  src/ASF/common/services/spi/sam_spi/spi_master.o
spi_set_clock_polarity                            src/ASF/sam/drivers/spi/spi.o
                                                  src/ASF/common/services/spi/sam_spi/spi_master.o
spi_set_delay_between_chip_select                 src/ASF/sam/drivers/spi/spi.o
                                                  src/ASF/common/services/spi/sam_spi/spi_master.o
spi_set_peripheral_chip_select_value              src/ASF/sam/drivers/spi/spi.o
                                                  src/ASF/common/services/spi/sam_spi/spi_master.o
spi_set_transfer_delay                            src/ASF/sam/drivers/spi/spi.o
                                                  src/ASF/common/services/spi/sam_spi/spi_master.o
spi_set_writeprotect                              src/ASF/sam/drivers/spi/spi.o
spi_transceive_packet                             src/ASF/common/services/spi/sam_spi/spi_master.o
spi_write                                         src/ASF/sam/drivers/spi/spi.o
spi_write_packet                                  src/ASF/common/services/spi/sam_spi/spi_master.o
sysclk_disable_usb                                src/ASF/common/services/clock/same70/sysclk.o
sysclk_enable_usb                                 src/ASF/common/services/clock/same70/sysclk.o
sysclk_init                                       src/ASF/common/services/clock/same70/sysclk.o
                                                  src/main.o
sysclk_set_prescalers                             src/ASF/common/services/clock/same70/sysclk.o
sysclk_set_source                                 src/ASF/common/services/clock/same70/sysclk.o
sysfont                                           src/ASF/common/services/gfx/sysfont.o
system_init_flash                                 src/ASF/sam/utils/cmsis/same70/source/templates/system_same70.o
                                                  src/ASF/common/services/clock/same70/sysclk.o
